Archive member included because of file (symbol)

c:/chibistudio/tools/gnu tools arm embedded/4.7 2013q1/bin/../lib/gcc/arm-none-eabi/4.7.3/armv6-m\libgcc.a(_udivsi3.o)
                              build/obj/rtc_lld.o (__aeabi_uidiv)
c:/chibistudio/tools/gnu tools arm embedded/4.7 2013q1/bin/../lib/gcc/arm-none-eabi/4.7.3/armv6-m\libgcc.a(_divsi3.o)
                              build/obj/main.o (__aeabi_idiv)
c:/chibistudio/tools/gnu tools arm embedded/4.7 2013q1/bin/../lib/gcc/arm-none-eabi/4.7.3/armv6-m\libgcc.a(_dvmd_tls.o)
                              c:/chibistudio/tools/gnu tools arm embedded/4.7 2013q1/bin/../lib/gcc/arm-none-eabi/4.7.3/armv6-m\libgcc.a(_udivsi3.o) (__aeabi_idiv0)
c:/chibistudio/tools/gnu tools arm embedded/4.7 2013q1/bin/../lib/gcc/arm-none-eabi/4.7.3/armv6-m\libgcc.a(_muldi3.o)
                              build/obj/chrtclib.o (__aeabi_lmul)
c:/chibistudio/tools/gnu tools arm embedded/4.7 2013q1/bin/../lib/gcc/arm-none-eabi/4.7.3/../../../../arm-none-eabi/lib/armv6-m\libc.a(lib_a-lcltime_r.o)
                              build/obj/chrtclib.o (localtime_r)
c:/chibistudio/tools/gnu tools arm embedded/4.7 2013q1/bin/../lib/gcc/arm-none-eabi/4.7.3/../../../../arm-none-eabi/lib/armv6-m\libc.a(lib_a-memcpy.o)
                              build/obj/main.o (memcpy)
c:/chibistudio/tools/gnu tools arm embedded/4.7 2013q1/bin/../lib/gcc/arm-none-eabi/4.7.3/../../../../arm-none-eabi/lib/armv6-m\libc.a(lib_a-memset.o)
                              build/obj/ltc_time.o (memset)
c:/chibistudio/tools/gnu tools arm embedded/4.7 2013q1/bin/../lib/gcc/arm-none-eabi/4.7.3/../../../../arm-none-eabi/lib/armv6-m\libc.a(lib_a-mktime.o)
                              build/obj/chrtclib.o (mktime)
c:/chibistudio/tools/gnu tools arm embedded/4.7 2013q1/bin/../lib/gcc/arm-none-eabi/4.7.3/../../../../arm-none-eabi/lib/armv6-m\libc.a(lib_a-mktm_r.o)
                              c:/chibistudio/tools/gnu tools arm embedded/4.7 2013q1/bin/../lib/gcc/arm-none-eabi/4.7.3/../../../../arm-none-eabi/lib/armv6-m\libc.a(lib_a-mktime.o) (__tzcalc_limits)
c:/chibistudio/tools/gnu tools arm embedded/4.7 2013q1/bin/../lib/gcc/arm-none-eabi/4.7.3/../../../../arm-none-eabi/lib/armv6-m\libc.a(lib_a-tzlock.o)
                              c:/chibistudio/tools/gnu tools arm embedded/4.7 2013q1/bin/../lib/gcc/arm-none-eabi/4.7.3/../../../../arm-none-eabi/lib/armv6-m\libc.a(lib_a-mktm_r.o) (__tz_lock)
c:/chibistudio/tools/gnu tools arm embedded/4.7 2013q1/bin/../lib/gcc/arm-none-eabi/4.7.3/../../../../arm-none-eabi/lib/armv6-m\libc.a(lib_a-tzvars.o)
                              c:/chibistudio/tools/gnu tools arm embedded/4.7 2013q1/bin/../lib/gcc/arm-none-eabi/4.7.3/../../../../arm-none-eabi/lib/armv6-m\libc.a(lib_a-mktime.o) (_daylight)
c:/chibistudio/tools/gnu tools arm embedded/4.7 2013q1/bin/../lib/gcc/arm-none-eabi/4.7.3/../../../../arm-none-eabi/lib/armv6-m\libc.a(lib_a-div.o)
                              c:/chibistudio/tools/gnu tools arm embedded/4.7 2013q1/bin/../lib/gcc/arm-none-eabi/4.7.3/../../../../arm-none-eabi/lib/armv6-m\libc.a(lib_a-mktime.o) (div)
c:/chibistudio/tools/gnu tools arm embedded/4.7 2013q1/bin/../lib/gcc/arm-none-eabi/4.7.3/../../../../arm-none-eabi/lib/armv6-m\libc.a(lib_a-gettzinfo.o)
                              c:/chibistudio/tools/gnu tools arm embedded/4.7 2013q1/bin/../lib/gcc/arm-none-eabi/4.7.3/../../../../arm-none-eabi/lib/armv6-m\libc.a(lib_a-mktime.o) (__gettzinfo)

Discarded input sections

 .text          0x00000000        0x0 build/obj/crt0.o
 .data          0x00000000        0x0 build/obj/crt0.o
 .bss           0x00000000        0x0 build/obj/crt0.o
 .text.__early_init
                0x00000000       0x10 build/obj/crt0.o
 .text          0x00000000        0x0 build/obj/vectors.o
 .data          0x00000000        0x0 build/obj/vectors.o
 .bss           0x00000000        0x0 build/obj/vectors.o
 .text          0x00000000        0x0 build/obj/chcore.o
 .data          0x00000000        0x0 build/obj/chcore.o
 .bss           0x00000000        0x0 build/obj/chcore.o
 .text          0x00000000        0x0 build/obj/chcore_v6m.o
 .data          0x00000000        0x0 build/obj/chcore_v6m.o
 .bss           0x00000000        0x0 build/obj/chcore_v6m.o
 .text          0x00000000        0x0 build/obj/nvic.o
 .data          0x00000000        0x0 build/obj/nvic.o
 .bss           0x00000000        0x0 build/obj/nvic.o
 .text.nvicDisableVector
                0x00000000       0x60 build/obj/nvic.o
 .text          0x00000000        0x0 build/obj/chsys.o
 .data          0x00000000        0x0 build/obj/chsys.o
 .bss           0x00000000        0x0 build/obj/chsys.o
 .text          0x00000000        0x0 build/obj/chdebug.o
 .data          0x00000000        0x0 build/obj/chdebug.o
 .bss           0x00000000        0x0 build/obj/chdebug.o
 .text.dbg_check_disable
                0x00000000       0x30 build/obj/chdebug.o
[...]
Memory Configuration

Name             Origin             Length             Attributes
flash            0x08000000         0x00010000
ram              0x20000000         0x00002000
*default*        0x00000000         0xffffffff

Linker script and memory map

LOAD build/obj/crt0.o
LOAD build/obj/vectors.o
LOAD build/obj/chcore.o
LOAD build/obj/chcore_v6m.o
LOAD build/obj/nvic.o
LOAD build/obj/chsys.o
LOAD build/obj/chdebug.o
LOAD build/obj/chlists.o
LOAD build/obj/chvt.o
LOAD build/obj/chschd.o
LOAD build/obj/chthreads.o
LOAD build/obj/chdynamic.o
LOAD build/obj/chregistry.o
LOAD build/obj/chsem.o
LOAD build/obj/chmtx.o
LOAD build/obj/chcond.o
LOAD build/obj/chevents.o
LOAD build/obj/chmsg.o
LOAD build/obj/chmboxes.o
LOAD build/obj/chqueues.o
LOAD build/obj/chmemcore.o
LOAD build/obj/chheap.o
LOAD build/obj/chmempools.o
LOAD build/obj/hal.o
LOAD build/obj/adc.o
LOAD build/obj/can.o
LOAD build/obj/dac.o
LOAD build/obj/ext.o
LOAD build/obj/gpt.o
LOAD build/obj/i2c.o
LOAD build/obj/icu.o
LOAD build/obj/mac.o
LOAD build/obj/mmc_spi.o
LOAD build/obj/mmcsd.o
LOAD build/obj/pal.o
LOAD build/obj/pwm.o
LOAD build/obj/rtc.o
LOAD build/obj/sdc.o
LOAD build/obj/serial.o
LOAD build/obj/serial_usb.o
LOAD build/obj/spi.o
LOAD build/obj/tm.o
LOAD build/obj/uart.o
LOAD build/obj/usb.o
LOAD build/obj/stm32_dma.o
LOAD build/obj/hal_lld.o
LOAD build/obj/adc_lld.o
LOAD build/obj/ext_lld_isr.o
LOAD build/obj/ext_lld.o
LOAD build/obj/pal_lld.o
LOAD build/obj/i2c_lld.o
LOAD build/obj/rtc_lld.o
LOAD build/obj/spi_lld.o
LOAD build/obj/gpt_lld.o
LOAD build/obj/icu_lld.o
LOAD build/obj/pwm_lld.o
LOAD build/obj/serial_lld.o
LOAD build/obj/uart_lld.o
LOAD build/obj/board.o
LOAD build/obj/chprintf.o
LOAD build/obj/chrtclib.o
LOAD build/obj/main.o
LOAD build/obj/seg77.o
LOAD build/obj/ltc_time.o
START GROUP
LOAD c:/chibistudio/tools/gnu tools arm embedded/4.7 2013q1/bin/../lib/gcc/arm-none-eabi/4.7.3/armv6-m\libgcc.a
LOAD c:/chibistudio/tools/gnu tools arm embedded/4.7 2013q1/bin/../lib/gcc/arm-none-eabi/4.7.3/../../../../arm-none-eabi/lib/armv6-m\libc.a
END GROUP
                0x00000400                __main_stack_size__ = 0x400
                0x00000400                __process_stack_size__ = 0x400
                0x20000000                __ram_start__ = ORIGIN (ram)
                0x00002000                __ram_size__ = 0x2000
                0x20002000                __ram_end__ = (__ram_start__ + __ram_size__)
                0x00000000                . = 0x0
                0x00000000                _text = .

startup         0x08000000       0xc0
 *(vectors)
 vectors        0x08000000       0xc0 build/obj/vectors.o
                0x08000000                _vectors

constructors    0x080000c0        0x0
                0x080000c0                PROVIDE (__init_array_start, .)
 *(SORT(.init_array.*))
 *(.init_array)
                0x080000c0                PROVIDE (__init_array_end, .)

destructors     0x080000c0        0x0
                0x080000c0                PROVIDE (__fini_array_start, .)
 *(.fini_array)
 *(SORT(.fini_array.*))
                0x080000c0                PROVIDE (__fini_array_end, .)

.text           0x080000c0     0x5330
 *(.text.startup.*)
 *(.text)
 .text          0x080000c0       0x9c c:/chibistudio/tools/gnu tools arm embedded/4.7 2013q1/bin/../lib/gcc/arm-none-eabi/4.7.3/armv6-m\libgcc.a(_udivsi3.o)
                0x080000c0                __aeabi_uidiv
                0x080000c0                __udivsi3
                0x08000148                __aeabi_uidivmod
 *fill*         0x0800015c        0x4 00
 .text          0x08000160       0xc0 c:/chibistudio/tools/gnu tools arm embedded/4.7 2013q1/bin/../lib/gcc/arm-none-eabi/4.7.3/armv6-m\libgcc.a(_divsi3.o)
                0x08000160                __divsi3
                0x08000160                __aeabi_idiv
                0x0800020c                __aeabi_idivmod
 .text          0x08000220        0x4 c:/chibistudio/tools/gnu tools arm embedded/4.7 2013q1/bin/../lib/gcc/arm-none-eabi/4.7.3/armv6-m\libgcc.a(_dvmd_tls.o)
                0x08000220                __aeabi_idiv0
                0x08000220                __aeabi_ldiv0
 *(.text.*)
 *fill*         0x08000224        0xc 00
 .text.__late_init
                0x08000230       0x10 build/obj/crt0.o
                0x08000230                __late_init
 .text._default_exit
                0x08000240       0x10 build/obj/crt0.o
                0x08000240                _default_exit
 .text.ResetHandler
                0x08000250       0xc0 build/obj/crt0.o
                0x08000250                ResetHandler
 .text._unhandled_exception
                0x08000310       0x10 build/obj/vectors.o
                0x08000310                Vector9C
                0x08000310                Vector8C
                0x08000310                Vector94
                0x08000310                VectorA8
                0x08000310                VectorB4
                0x08000310                Vector74
                0x08000310                UsageFaultVector
                0x08000310                DebugMonitorVector
                0x08000310                Vector40
                0x08000310                VectorBC
                0x08000310                PendSVVector
                0x08000310                Vector98
                0x08000310                Vector24
                0x08000310                Vector84
                0x08000310                BusFaultVector
                0x08000310                SVCallVector
                0x08000310                HardFaultVector
                0x08000310                MemManageVector
                0x08000310                VectorA0
                0x08000310                Vector7C
                0x08000310                VectorB0
                0x08000310                Vector90
                0x08000310                Vector60
                0x08000310                Vector1C
                0x08000310                Vector70
                0x08000310                Vector4C
                0x08000310                Vector80
                0x08000310                Vector78
                0x08000310                _unhandled_exception
                0x08000310                Vector88
                0x08000310                Vector50
                0x08000310                Vector28
                0x08000310                VectorB8
                0x08000310                Vector34
                0x08000310                VectorA4
                0x08000310                Vector20
 .text.port_halt
                0x08000320       0x10 build/obj/chcore.o
                0x08000320                port_halt
 .text.SysTickVector
                0x08000330       0x30 build/obj/chcore_v6m.o
                0x08000330                SysTickVector
 .text.NMIVector
                0x08000360       0x10 build/obj/chcore_v6m.o
                0x08000360                NMIVector
 .text._port_irq_epilogue
                0x08000370       0x80 build/obj/chcore_v6m.o
                0x08000370                _port_irq_epilogue
 .text._port_switch_from_isr
                0x080003f0       0x20 build/obj/chcore_v6m.o
                0x080003f0                _port_switch_from_isr
 .text._port_switch
                0x08000410       0x30 build/obj/chcore_v6m.o
                0x08000410                _port_switch
 .text._port_thread_start
                0x08000440       0x20 build/obj/chcore_v6m.o
                0x08000440                _port_thread_start
 .text.nvicEnableVector
                0x08000460       0x80 build/obj/nvic.o
                0x08000460                nvicEnableVector
 .text.nvicSetSystemHandlerPriority
                0x080004e0       0x50 build/obj/nvic.o
                0x080004e0                nvicSetSystemHandlerPriority
 .text._idle_thread
                0x08000530       0x20 build/obj/chsys.o
                0x08000530                _idle_thread
 .text.chSysInit
                0x08000550       0xa0 build/obj/chsys.o
                0x08000550                chSysInit
 .text.chSysTimerHandlerI
                0x080005f0       0xa0 build/obj/chsys.o
                0x080005f0                chSysTimerHandlerI
 .text.dbg_check_enable
                0x08000690       0x30 build/obj/chdebug.o
                0x08000690                dbg_check_enable
 .text.dbg_check_lock
                0x080006c0       0x30 build/obj/chdebug.o
                0x080006c0                dbg_check_lock
 .text.dbg_check_unlock
                0x080006f0       0x30 build/obj/chdebug.o
                0x080006f0                dbg_check_unlock
 .text.dbg_check_lock_from_isr
                0x08000720       0x30 build/obj/chdebug.o
                0x08000720                dbg_check_lock_from_isr
 .text.dbg_check_unlock_from_isr
                0x08000750       0x30 build/obj/chdebug.o
                0x08000750                dbg_check_unlock_from_isr
 .text.dbg_check_enter_isr
                0x08000780       0x40 build/obj/chdebug.o
                0x08000780                dbg_check_enter_isr
 .text.dbg_check_leave_isr
                0x080007c0       0x40 build/obj/chdebug.o
                0x080007c0                dbg_check_leave_isr
 .text.chDbgCheckClassI
                0x08000800       0x30 build/obj/chdebug.o
                0x08000800                chDbgCheckClassI
 .text.chDbgCheckClassS
                0x08000830       0x30 build/obj/chdebug.o
                0x08000830                chDbgCheckClassS
 .text._trace_init
                0x08000860       0x20 build/obj/chdebug.o
                0x08000860                _trace_init
 .text.dbg_trace
                0x08000880       0x70 build/obj/chdebug.o
                0x08000880                dbg_trace
 .text.chDbgPanic
                0x080008f0       0x20 build/obj/chdebug.o
                0x080008f0                chDbgPanic
 .text._vt_init
                0x08000910       0x30 build/obj/chvt.o
                0x08000910                _vt_init
 .text.chVTSetI
                0x08000940       0xa0 build/obj/chvt.o
                0x08000940                chVTSetI
 .text.chVTResetI
                0x080009e0       0x70 build/obj/chvt.o
                0x080009e0                chVTResetI
 .text.fifo_remove
                0x08000a50       0x30 build/obj/chschd.o
 .text.dequeue  0x08000a80       0x20 build/obj/chschd.o
 .text._scheduler_init
                0x08000aa0       0x30 build/obj/chschd.o
                0x08000aa0                _scheduler_init
 .text.chSchReadyI
                0x08000ad0       0x80 build/obj/chschd.o
                0x08000ad0                chSchReadyI
 .text.chSchGoSleepS
                0x08000b50       0x80 build/obj/chschd.o
                0x08000b50                chSchGoSleepS
 .text.wakeup   0x08000bd0       0x60 build/obj/chschd.o
 .text.chSchGoSleepTimeoutS
                0x08000c30       0x70 build/obj/chschd.o
                0x08000c30                chSchGoSleepTimeoutS
 .text.chSchWakeupS
                0x08000ca0       0x80 build/obj/chschd.o
                0x08000ca0                chSchWakeupS
 .text.chSchDoRescheduleBehind
                0x08000d20       0x70 build/obj/chschd.o
                0x08000d20                chSchDoRescheduleBehind
 .text.chSchDoRescheduleAhead
                0x08000d90       0xa0 build/obj/chschd.o
                0x08000d90                chSchDoRescheduleAhead
 .text.chSchDoReschedule
                0x08000e30       0x20 build/obj/chschd.o
                0x08000e30                chSchDoReschedule
 .text.list_remove
                0x08000e50       0x20 build/obj/chthreads.o
 .text._thread_init
                0x08000e70       0xa0 build/obj/chthreads.o
                0x08000e70                _thread_init
 .text._thread_memfill
                0x08000f10       0x30 build/obj/chthreads.o
                0x08000f10                _thread_memfill
 .text.chThdCreateI
                0x08000f40       0x80 build/obj/chthreads.o
                0x08000f40                chThdCreateI
 .text.chThdCreateStatic
                0x08000fc0       0x70 build/obj/chthreads.o
                0x08000fc0                chThdCreateStatic
 .text.chThdSleep
                0x08001030       0x40 build/obj/chthreads.o
                0x08001030                chThdSleep
 .text.chThdExit
                0x08001070       0x20 build/obj/chthreads.o
                0x08001070                chThdExit
 .text.chThdExitS
                0x08001090       0x70 build/obj/chthreads.o
                0x08001090                chThdExitS
 .text.chMtxInit
                0x08001100       0x30 build/obj/chmtx.o
                0x08001100                chMtxInit
 .text.chEvtBroadcastFlagsI
                0x08001130       0x60 build/obj/chevents.o
                0x08001130                chEvtBroadcastFlagsI
 .text.chEvtSignalI
                0x08001190       0x70 build/obj/chevents.o
                0x08001190                chEvtSignalI
 .text.queue_insert
                0x08001200       0x30 build/obj/chqueues.o
 .text.fifo_remove
                0x08001230       0x30 build/obj/chqueues.o
 .text.qwait    0x08001260       0x40 build/obj/chqueues.o
 .text.chIQInit
                0x080012a0       0x50 build/obj/chqueues.o
                0x080012a0                chIQInit
 .text.chIQPutI
                0x080012f0       0xa0 build/obj/chqueues.o
                0x080012f0                chIQPutI
 .text.chIQGetTimeout
                0x08001390       0x90 build/obj/chqueues.o
                0x08001390                chIQGetTimeout
 .text.chIQReadTimeout
                0x08001420       0xd0 build/obj/chqueues.o
                0x08001420                chIQReadTimeout
 .text.chOQInit
                0x080014f0       0x50 build/obj/chqueues.o
                0x080014f0                chOQInit
 .text.chOQPutTimeout
                0x08001540       0x90 build/obj/chqueues.o
                0x08001540                chOQPutTimeout
 .text.chOQGetI
                0x080015d0       0xa0 build/obj/chqueues.o
                0x080015d0                chOQGetI
 .text.chOQWriteTimeout
                0x08001670       0xd0 build/obj/chqueues.o
                0x08001670                chOQWriteTimeout
 .text._core_init
                0x08001740       0x30 build/obj/chmemcore.o
                0x08001740                _core_init
 .text.chCoreAlloc
                0x08001770       0x30 build/obj/chmemcore.o
                0x08001770                chCoreAlloc
 .text.chCoreAllocI
                0x080017a0       0x50 build/obj/chmemcore.o
                0x080017a0                chCoreAllocI
 .text._heap_init
                0x080017f0       0x30 build/obj/chheap.o
                0x080017f0                _heap_init
 .text.halInit  0x08001820       0x30 build/obj/hal.o
                0x08001820                halInit
 .text.extInit  0x08001850       0x10 build/obj/ext.o
                0x08001850                extInit
 .text.extObjectInit
                0x08001860       0x20 build/obj/ext.o
                0x08001860                extObjectInit
 .text.extStart
                0x08001880       0x60 build/obj/ext.o
                0x08001880                extStart
 .text.rtcInit  0x080018e0       0x10 build/obj/rtc.o
                0x080018e0                rtcInit
 .text.rtcSetTime
                0x080018f0       0x40 build/obj/rtc.o
                0x080018f0                rtcSetTime
 .text.rtcGetTime
                0x08001930       0x40 build/obj/rtc.o
                0x08001930                rtcGetTime
 .text.write    0x08001970       0x30 build/obj/serial.o
 .text.read     0x080019a0       0x30 build/obj/serial.o
 .text.put      0x080019d0       0x30 build/obj/serial.o
 .text.get      0x08001a00       0x20 build/obj/serial.o
 .text.putt     0x08001a20       0x30 build/obj/serial.o
 .text.gett     0x08001a50       0x20 build/obj/serial.o
 .text.writet   0x08001a70       0x30 build/obj/serial.o
 .text.readt    0x08001aa0       0x30 build/obj/serial.o
 .text.sdInit   0x08001ad0       0x10 build/obj/serial.o
                0x08001ad0                sdInit
 .text.sdObjectInit
                0x08001ae0       0x60 build/obj/serial.o
                0x08001ae0                sdObjectInit
 .text.sdStart  0x08001b40       0x60 build/obj/serial.o
                0x08001b40                sdStart
 .text.sdIncomingDataI
                0x08001ba0       0x70 build/obj/serial.o
                0x08001ba0                sdIncomingDataI
 .text.spiInit  0x08001c10       0x10 build/obj/spi.o
                0x08001c10                spiInit
 .text.spiObjectInit
                0x08001c20       0x30 build/obj/spi.o
                0x08001c20                spiObjectInit
 .text.spiStart
                0x08001c50       0x60 build/obj/spi.o
                0x08001c50                spiStart
 .text.spiSelect
                0x08001cb0       0x50 build/obj/spi.o
                0x08001cb0                spiSelect
 .text.spiStartSend
                0x08001d00       0x70 build/obj/spi.o
                0x08001d00                spiStartSend
 .text.Vector64
                0x08001d70       0x50 build/obj/stm32_dma.o
                0x08001d70                Vector64
 .text.Vector68
                0x08001dc0       0x90 build/obj/stm32_dma.o
                0x08001dc0                Vector68
 .text.Vector6C
                0x08001e50       0x90 build/obj/stm32_dma.o
                0x08001e50                Vector6C
 .text.dmaInit  0x08001ee0       0x60 build/obj/stm32_dma.o
                0x08001ee0                dmaInit
 .text.dmaStreamAllocate
                0x08001f40       0xe0 build/obj/stm32_dma.o
                0x08001f40                dmaStreamAllocate
 .text.hal_lld_backup_domain_init
                0x08002020       0x70 build/obj/hal_lld.o
 .text.hal_lld_init
                0x08002090       0x60 build/obj/hal_lld.o
                0x08002090                hal_lld_init
 .text.stm32_clock_init
                0x080020f0       0xe0 build/obj/hal_lld.o
                0x080020f0                stm32_clock_init
 .text.Vector54
                0x080021d0       0x60 build/obj/ext_lld_isr.o
                0x080021d0                Vector54
 .text.Vector58
                0x08002230       0x60 build/obj/ext_lld_isr.o
                0x08002230                Vector58
 .text.Vector5C
                0x08002290      0x150 build/obj/ext_lld_isr.o
                0x08002290                Vector5C
 .text.Vector44
                0x080023e0       0x40 build/obj/ext_lld_isr.o
                0x080023e0                Vector44
 .text.Vector48
                0x08002420       0x40 build/obj/ext_lld_isr.o
                0x08002420                Vector48
 .text.ext_lld_exti_irq_enable
                0x08002460       0x30 build/obj/ext_lld_isr.o
                0x08002460                ext_lld_exti_irq_enable
 .text.ext_lld_init
                0x08002490       0x10 build/obj/ext_lld.o
                0x08002490                ext_lld_init
 .text.ext_lld_start
                0x080024a0       0x60 build/obj/ext_lld.o
                0x080024a0                ext_lld_start
 .text.ext_lld_channel_enable
                0x08002500      0x150 build/obj/ext_lld.o
                0x08002500                ext_lld_channel_enable
 .text.ext_lld_channel_disable
                0x08002650       0x80 build/obj/ext_lld.o
                0x08002650                ext_lld_channel_disable
 .text.initgpio
                0x080026d0       0x50 build/obj/pal_lld.o
 .text._pal_lld_init
                0x08002720       0x80 build/obj/pal_lld.o
                0x08002720                _pal_lld_init
 .text._pal_lld_setgroupmode
                0x080027a0      0x130 build/obj/pal_lld.o
                0x080027a0                _pal_lld_setgroupmode
 .text.rtc_lld_init
                0x080028d0       0x90 build/obj/rtc_lld.o
                0x080028d0                rtc_lld_init
 .text.rtc_lld_set_time
                0x08002960       0x80 build/obj/rtc_lld.o
                0x08002960                rtc_lld_set_time
 .text.rtc_lld_get_time
                0x080029e0       0x30 build/obj/rtc_lld.o
                0x080029e0                rtc_lld_get_time
 .text.spi_lld_serve_rx_interrupt
                0x08002a10       0xd0 build/obj/spi_lld.o
 .text.spi_lld_serve_tx_interrupt
                0x08002ae0       0x20 build/obj/spi_lld.o
 .text.spi_lld_init
                0x08002b00       0x50 build/obj/spi_lld.o
                0x08002b00                spi_lld_init
 .text.spi_lld_start
                0x08002b50      0x160 build/obj/spi_lld.o
                0x08002b50                spi_lld_start
 .text.spi_lld_select
                0x08002cb0       0x20 build/obj/spi_lld.o
                0x08002cb0                spi_lld_select
 .text.spi_lld_unselect
                0x08002cd0       0x20 build/obj/spi_lld.o
                0x08002cd0                spi_lld_unselect
 .text.spi_lld_send
                0x08002cf0       0x80 build/obj/spi_lld.o
                0x08002cf0                spi_lld_send
 .text.usart_init
                0x08002d70       0x60 build/obj/serial_lld.o
 .text.set_error
                0x08002dd0       0x70 build/obj/serial_lld.o
 .text.serve_interrupt
                0x08002e40      0x110 build/obj/serial_lld.o
 .text.notify1  0x08002f50       0x20 build/obj/serial_lld.o
 .text.VectorAC
                0x08002f70       0x30 build/obj/serial_lld.o
                0x08002f70                VectorAC
 .text.sd_lld_init
                0x08002fa0       0x40 build/obj/serial_lld.o
                0x08002fa0                sd_lld_init
 .text.sd_lld_start
                0x08002fe0       0x60 build/obj/serial_lld.o
                0x08002fe0                sd_lld_start
 .text.__early_init
                0x08003040       0x10 build/obj/board.o
                0x08003040                __early_init
 .text.boardInit
                0x08003050       0x10 build/obj/board.o
                0x08003050                boardInit
 .text.long_to_string_with_divisor
                0x08003060       0xb0 build/obj/chprintf.o
 .text.ltoa     0x08003110       0x30 build/obj/chprintf.o
 .text.chprintf
                0x08003140      0x3f0 build/obj/chprintf.o
                0x08003140                chprintf
 .text.stm32_rtc_bcd2tm
                0x08003530      0x1c0 build/obj/chrtclib.o
 .text.stm32_rtc_tm2bcd
                0x080036f0      0x1c0 build/obj/chrtclib.o
 .text.rtcGetTimeTm
                0x080038b0       0x40 build/obj/chrtclib.o
                0x080038b0                rtcGetTimeTm
 .text.rtcSetTimeTm
                0x080038f0       0x40 build/obj/chrtclib.o
                0x080038f0                rtcSetTimeTm
 .text.display_off
                0x08003930       0x10 build/obj/main.o
 .text.btn_1_exti_cb
                0x08003940       0x70 build/obj/main.o
                0x08003940                btn_1_exti_cb
 .text.pps_cb   0x080039b0       0x10 build/obj/main.o
                0x080039b0                pps_cb
 .text.spi_end_cb
                0x080039c0       0x20 build/obj/main.o
                0x080039c0                spi_end_cb
 .text.display_run
                0x080039e0      0x330 build/obj/main.o
 .text.setLTC   0x08003d10       0x60 build/obj/main.o
                0x08003d10                setLTC
 .text.blink_run
                0x08003d70       0x50 build/obj/main.o
 .text.main     0x08003dc0      0x120 build/obj/main.o
                0x08003dc0                main
 .text.seg77_change_to_spi
                0x08003ee0       0x50 build/obj/seg77.o
                0x08003ee0                seg77_change_to_spi
 .text.seg77_change_to_gpio
                0x08003f30       0x50 build/obj/seg77.o
                0x08003f30                seg77_change_to_gpio
 .text.seg77_change_to_config
                0x08003f80       0xf0 build/obj/seg77.o
                0x08003f80                seg77_change_to_config
 .text.seg77_change_to_data
                0x08004070       0xe0 build/obj/seg77.o
                0x08004070                seg77_change_to_data
 .text.seg77_adjust_current
                0x08004150      0x2c0 build/obj/seg77.o
                0x08004150                seg77_adjust_current
 .text.frame_to_time
                0x08004410       0xb0 build/obj/ltc_time.o
 .text.ltc_store
                0x080044c0       0xf0 build/obj/ltc_time.o
 .text.ltc_exti_cb
                0x080045b0       0xf0 build/obj/ltc_time.o
                0x080045b0                ltc_exti_cb
 .text.kuroBoxTimeInit
                0x080046a0       0x60 build/obj/ltc_time.o
                0x080046a0                kuroBoxTimeInit
 .text.memcpy   0x08004700      0x144 c:/chibistudio/tools/gnu tools arm embedded/4.7 2013q1/bin/../lib/gcc/arm-none-eabi/4.7.3/../../../../arm-none-eabi/lib/armv6-m\libc.a(lib_a-memcpy.o)
                0x08004700                memcpy
 *fill*         0x08004844        0xc 00
 .text.memset   0x08004850      0x118 c:/chibistudio/tools/gnu tools arm embedded/4.7 2013q1/bin/../lib/gcc/arm-none-eabi/4.7.3/../../../../arm-none-eabi/lib/armv6-m\libc.a(lib_a-memset.o)
                0x08004850                memset
 *(.rodata)
 *fill*         0x08004968        0x8 00
 .rodata        0x08004970        0x8 build/obj/chsys.o
 *fill*         0x08004978        0x8 00
 .rodata        0x08004980       0x58 build/obj/chdebug.o
 *fill*         0x080049d8        0x8 00
 .rodata        0x080049e0       0x34 build/obj/chvt.o
 *fill*         0x08004a14        0xc 00
 .rodata        0x08004a20       0x24 build/obj/chschd.o
 *fill*         0x08004a44        0xc 00
 .rodata        0x08004a50       0x94 build/obj/chthreads.o
 *fill*         0x08004ae4        0xc 00
 .rodata        0x08004af0       0xac build/obj/chmtx.o
 *fill*         0x08004b9c        0x4 00
 .rodata        0x08004ba0       0x90 build/obj/chevents.o
 .rodata        0x08004c30       0x2c build/obj/chqueues.o
 *fill*         0x08004c5c        0x4 00
 .rodata        0x08004c60       0xd0 build/obj/ext.o
 .rodata        0x08004d30       0x40 build/obj/rtc.o
 .rodata        0x08004d70       0x60 build/obj/serial.o
 .rodata        0x08004dd0      0x238 build/obj/spi.o
 *fill*         0x08005008        0x8 00
 .rodata        0x08005010       0x48 build/obj/stm32_dma.o
 *fill*         0x08005058        0x8 00
 .rodata        0x08005060       0x28 build/obj/spi_lld.o
 *fill*         0x08005088        0x8 00
 .rodata        0x08005090        0x8 build/obj/chprintf.o
 *fill*         0x08005098        0x8 00
 .rodata        0x080050a0       0x60 build/obj/main.o
 *(.rodata.*)
 .rodata.ch_debug
                0x08005100       0x18 build/obj/chregistry.o
                0x08005100                ch_debug
 *fill*         0x08005118        0x8 00
 .rodata.vmt    0x08005120       0x20 build/obj/serial.o
 .rodata._stm32_dma_streams
                0x08005140       0x3c build/obj/stm32_dma.o
                0x08005140                _stm32_dma_streams
 *fill*         0x0800517c        0x4 00
 .rodata.default_config
                0x08005180       0x10 build/obj/serial_lld.o
 .rodata.pal_default_config
                0x08005190       0x8c build/obj/board.o
                0x08005190                pal_default_config
 *fill*         0x0800521c        0x4 00
 .rodata.chprintf
                0x08005220       0xd4 build/obj/chprintf.o
 *fill*         0x080052f4        0xc 00
 .rodata.extcfg
                0x08005300       0xe0 build/obj/main.o
 .rodata.spicfg
                0x080053e0       0x10 build/obj/main.o
 *(.glue_7t)
 .glue_7t       0x00000000        0x0 linker stubs
 *(.glue_7)
 .glue_7        0x00000000        0x0 linker stubs
 *(.gcc*)

.vfp11_veneer   0x080053f0        0x0
 .vfp11_veneer  0x00000000        0x0 linker stubs

.v4_bx          0x080053f0        0x0
 .v4_bx         0x00000000        0x0 linker stubs

.iplt           0x080053f0        0x0
 .iplt          0x00000000        0x0 build/obj/crt0.o

.rel.dyn        0x080053f0        0x0
 .rel.iplt      0x00000000        0x0 build/obj/crt0.o

.ARM.extab
 *(.ARM.extab* .gnu.linkonce.armextab.*)

.ARM.exidx      0x080053f0        0x0
                0x080053f0                PROVIDE (__exidx_start, .)
 *(.ARM.exidx* .gnu.linkonce.armexidx.*)
                0x080053f0                PROVIDE (__exidx_end, .)

.eh_frame_hdr
 *(.eh_frame_hdr)

.eh_frame
 *(.eh_frame)

.textalign      0x080053f0        0x0
                0x080053f0                . = ALIGN (0x8)
                0x080053f0                . = ALIGN (0x4)
                0x080053f0                _etext = .
                0x080053f0                _textdata = _etext

.stacks         0x20000000      0x800
                0x20000000                . = ALIGN (0x8)
                0x20000000                __main_stack_base__ = .
                0x20000400                . = (. + __main_stack_size__)
 *fill*         0x20000000      0x400 00
                0x20000400                . = ALIGN (0x8)
                0x20000400                __main_stack_end__ = .
                0x20000400                __process_stack_base__ = .
                0x20000400                __main_thread_stack_base__ = .
                0x20000800                . = (. + __process_stack_size__)
 *fill*         0x20000400      0x400 00
                0x20000800                . = ALIGN (0x8)
                0x20000800                __process_stack_end__ = .
                0x20000800                __main_thread_stack_end__ = .

.data           0x20000800        0xc load address 0x080053f0
                0x20000800                . = ALIGN (0x4)
                0x20000800                PROVIDE (_data, .)
 *(.data)
                0x20000800                . = ALIGN (0x4)
 *(.data.*)
 .data.DISPLAY_MAP
                0x20000800        0xc build/obj/main.o
                0x2000080c                . = ALIGN (0x4)
 *(.ramtext)
                0x2000080c                . = ALIGN (0x4)
                0x2000080c                PROVIDE (_edata, .)

.igot.plt       0x2000080c        0x0 load address 0x080053fc
 .igot.plt      0x00000000        0x0 build/obj/crt0.o

.bss            0x20000810     0x1108 load address 0x080053fc
                0x20000810                . = ALIGN (0x4)
                0x20000810                PROVIDE (_bss_start, .)
 *(.bss)
                0x20000810                . = ALIGN (0x4)
 *(.bss.*)
 .bss._idle_thread_wa
                0x20000810       0xc0 build/obj/chsys.o
                0x20000810                _idle_thread_wa
 .bss.mainthread.4822
                0x200008d0       0x4c build/obj/chsys.o
 .bss.dbg_isr_cnt
                0x2000091c        0x4 build/obj/chdebug.o
                0x2000091c                dbg_isr_cnt
 .bss.dbg_lock_cnt
                0x20000920        0x4 build/obj/chdebug.o
                0x20000920                dbg_lock_cnt
 .bss.dbg_trace_buffer
                0x20000924      0x408 build/obj/chdebug.o
                0x20000924                dbg_trace_buffer
 .bss.dbg_panic_msg
                0x20000d2c        0x4 build/obj/chdebug.o
                0x20000d2c                dbg_panic_msg
 .bss.vtlist    0x20000d30       0x10 build/obj/chvt.o
                0x20000d30                vtlist
 .bss.rlist     0x20000d40       0x1c build/obj/chschd.o
                0x20000d40                rlist
 .bss.nextmem   0x20000d5c        0x4 build/obj/chmemcore.o
 .bss.endmem    0x20000d60        0x4 build/obj/chmemcore.o
 *fill*         0x20000d64        0x4 00
 .bss.default_heap
                0x20000d68       0x20 build/obj/chheap.o
 .bss.dma_streams_mask
                0x20000d88        0x4 build/obj/stm32_dma.o
 .bss.dma_isr_redir
                0x20000d8c       0x28 build/obj/stm32_dma.o
 .bss.EXTD1     0x20000db4        0x8 build/obj/ext_lld.o
                0x20000db4                EXTD1
 .bss.RTCD1     0x20000dbc        0x4 build/obj/rtc_lld.o
                0x20000dbc                RTCD1
 .bss.SPID1     0x20000dc0       0x30 build/obj/spi_lld.o
                0x20000dc0                SPID1
 .bss.dummytx   0x20000df0        0x2 build/obj/spi_lld.o
 .bss.dummyrx   0x20000df2        0x2 build/obj/spi_lld.o
 .bss.SD1       0x20000df4       0xdc build/obj/serial_lld.o
                0x20000df4                SD1
 .bss.display_data
                0x20000ed0        0x8 build/obj/main.o
 .bss.valid_timecode
                0x20000ed8        0x1 build/obj/main.o
 *fill*         0x20000ed9        0x3 00
 .bss.linear_timecode
                0x20000edc        0x4 build/obj/main.o
                0x20000edc                linear_timecode
 .bss.btn_1_pressed
                0x20000ee0        0x1 build/obj/main.o
                0x20000ee0                btn_1_pressed
 *fill*         0x20000ee1        0x3 00
 .bss.display_off_vt
                0x20000ee4       0x14 build/obj/main.o
 .bss.display_thread_wa
                0x20000ef8      0x8b0 build/obj/main.o
 .bss.display_thread
                0x200017a8        0x4 build/obj/main.o
 *fill*         0x200017ac        0x4 00
 .bss.blink_thread_wa
                0x200017b0      0x130 build/obj/main.o
 .bss.LTC_TIMER
                0x200018e0        0x4 build/obj/ltc_time.o
                0x200018e0                LTC_TIMER
 .bss.was_last_edge_short
                0x200018e4        0x1 build/obj/ltc_time.o
 *fill*         0x200018e5        0x3 00
 .bss.ltc_frame
                0x200018e8        0xc build/obj/ltc_time.o
 .bss.ltc_timecode
                0x200018f4        0x4 build/obj/ltc_time.o
 .bss.this_edge_time
                0x200018f8        0x2 build/obj/ltc_time.o
                0x200018f8                this_edge_time
 *fill*         0x200018fa        0x2 00
 .bss.timediff  0x200018fc        0x4 build/obj/ltc_time.o
                0x200018fc                timediff
 .bss.this_edge_time_s
                0x20001900        0x2 build/obj/ltc_time.o
                0x20001900                this_edge_time_s
 *fill*         0x20001902        0x2 00
 .bss.timediff_s
                0x20001904        0x4 build/obj/ltc_time.o
                0x20001904                timediff_s
 .bss.this_edge_time_l
                0x20001908        0x2 build/obj/ltc_time.o
                0x20001908                this_edge_time_l
 *fill*         0x2000190a        0x2 00
 .bss.timediff_l
                0x2000190c        0x4 build/obj/ltc_time.o
                0x2000190c                timediff_l
 .bss.this_edge_time_o
                0x20001910        0x2 build/obj/ltc_time.o
                0x20001910                this_edge_time_o
 *fill*         0x20001912        0x2 00
 .bss.timediff_o
                0x20001914        0x4 build/obj/ltc_time.o
                0x20001914                timediff_o
                0x20001918                . = ALIGN (0x4)
 *(COMMON)
                0x20001918                . = ALIGN (0x4)
                0x20001918                PROVIDE (_bss_end, .)
                0x20001918                PROVIDE (end, .)
                0x20001918                _end = .
                0x20001918                __heap_base__ = _end
                0x20002000                __heap_end__ = __ram_end__
OUTPUT(build/timeBox_d.elf elf32-littlearm)

.debug_info     0x00000000     0xdbd8
 .debug_info    0x00000000      0x2a3 build/obj/crt0.o
 .debug_info    0x000002a3      0x1ef build/obj/vectors.o
 .debug_info    0x00000492       0x9b build/obj/chcore.o
 .debug_info    0x0000052d      0x788 build/obj/chcore_v6m.o
 .debug_info    0x00000cb5      0x44d build/obj/nvic.o
 .debug_info    0x00001102      0x91f build/obj/chsys.o
 .debug_info    0x00001a21      0x794 build/obj/chdebug.o
 .debug_info    0x000021b5      0x272 build/obj/chvt.o
 .debug_info    0x00002427      0x7e1 build/obj/chschd.o
 .debug_info    0x00002c08      0x8e8 build/obj/chthreads.o
 .debug_info    0x000034f0      0x61d build/obj/chregistry.o
 .debug_info    0x00003b0d      0x760 build/obj/chmtx.o
 .debug_info    0x0000426d      0x99a build/obj/chevents.o
 .debug_info    0x00004c07      0x940 build/obj/chqueues.o
 .debug_info    0x00005547      0x1a9 build/obj/chmemcore.o
 .debug_info    0x000056f0      0x663 build/obj/chheap.o
 .debug_info    0x00005d53      0x189 build/obj/hal.o
 .debug_info    0x00005edc      0x2fa build/obj/ext.o
 .debug_info    0x000061d6      0x428 build/obj/rtc.o
 .debug_info    0x000065fe      0xc73 build/obj/serial.o
 .debug_info    0x00007271      0xc48 build/obj/spi.o
 .debug_info    0x00007eb9      0x568 build/obj/stm32_dma.o
 .debug_info    0x00008421      0x2ec build/obj/hal_lld.o
 .debug_info    0x0000870d      0x410 build/obj/ext_lld_isr.o
 .debug_info    0x00008b1d      0x38a build/obj/ext_lld.o
 .debug_info    0x00008ea7      0x4ac build/obj/pal_lld.o
 .debug_info    0x00009353      0x49c build/obj/rtc_lld.o
 .debug_info    0x000097ef      0xcba build/obj/spi_lld.o
 .debug_info    0x0000a4a9      0xc0b build/obj/serial_lld.o
 .debug_info    0x0000b0b4      0x1a2 build/obj/board.o
 .debug_info    0x0000b256      0x3b1 build/obj/chprintf.o
 .debug_info    0x0000b607      0x52d build/obj/chrtclib.o
 .debug_info    0x0000bb34     0x1557 build/obj/main.o
 .debug_info    0x0000d08b      0x294 build/obj/seg77.o
 .debug_info    0x0000d31f      0x8b9 build/obj/ltc_time.o

.debug_abbrev   0x00000000     0x307c
 .debug_abbrev  0x00000000       0xaf build/obj/crt0.o
 .debug_abbrev  0x000000af       0xb1 build/obj/vectors.o
 .debug_abbrev  0x00000160       0x44 build/obj/chcore.o
 .debug_abbrev  0x000001a4      0x182 build/obj/chcore_v6m.o
 .debug_abbrev  0x00000326       0xf2 build/obj/nvic.o
 .debug_abbrev  0x00000418      0x164 build/obj/chsys.o
 .debug_abbrev  0x0000057c      0x18f build/obj/chdebug.o
 .debug_abbrev  0x0000070b      0x126 build/obj/chvt.o
 .debug_abbrev  0x00000831      0x1db build/obj/chschd.o
 .debug_abbrev  0x00000a0c      0x212 build/obj/chthreads.o
 .debug_abbrev  0x00000c1e      0x119 build/obj/chregistry.o
 .debug_abbrev  0x00000d37      0x19f build/obj/chmtx.o
 .debug_abbrev  0x00000ed6      0x1cc build/obj/chevents.o
 .debug_abbrev  0x000010a2      0x21b build/obj/chqueues.o
 .debug_abbrev  0x000012bd       0xe5 build/obj/chmemcore.o
 .debug_abbrev  0x000013a2      0x163 build/obj/chheap.o
 .debug_abbrev  0x00001505       0x94 build/obj/hal.o
 .debug_abbrev  0x00001599      0x125 build/obj/ext.o
 .debug_abbrev  0x000016be      0x110 build/obj/rtc.o
 .debug_abbrev  0x000017ce      0x1d5 build/obj/serial.o
 .debug_abbrev  0x000019a3      0x1c3 build/obj/spi.o
 .debug_abbrev  0x00001b66      0x19c build/obj/stm32_dma.o
 .debug_abbrev  0x00001d02       0xc5 build/obj/hal_lld.o
 .debug_abbrev  0x00001dc7      0x171 build/obj/ext_lld_isr.o
 .debug_abbrev  0x00001f38      0x18d build/obj/ext_lld.o
 .debug_abbrev  0x000020c5      0x14d build/obj/pal_lld.o
 .debug_abbrev  0x00002212      0x161 build/obj/rtc_lld.o
 .debug_abbrev  0x00002373      0x25b build/obj/spi_lld.o
 .debug_abbrev  0x000025ce      0x225 build/obj/serial_lld.o
 .debug_abbrev  0x000027f3       0xac build/obj/board.o
 .debug_abbrev  0x0000289f      0x13b build/obj/chprintf.o
 .debug_abbrev  0x000029da      0x16a build/obj/chrtclib.o
 .debug_abbrev  0x00002b44      0x26e build/obj/main.o
 .debug_abbrev  0x00002db2       0xf6 build/obj/seg77.o
 .debug_abbrev  0x00002ea8      0x1d4 build/obj/ltc_time.o

.debug_aranges  0x00000000      0xad0
 .debug_aranges
                0x00000000       0x38 build/obj/crt0.o
 .debug_aranges
                0x00000038       0x20 build/obj/vectors.o
 .debug_aranges
                0x00000058       0x20 build/obj/chcore.o
 .debug_aranges
                0x00000078       0x48 build/obj/chcore_v6m.o
 .debug_aranges
                0x000000c0       0x30 build/obj/nvic.o
 .debug_aranges
                0x000000f0       0x30 build/obj/chsys.o
 .debug_aranges
                0x00000120       0x88 build/obj/chdebug.o
 .debug_aranges
                0x000001a8       0x38 build/obj/chvt.o
 .debug_aranges
                0x000001e0       0x78 build/obj/chschd.o
 .debug_aranges
                0x00000258       0x90 build/obj/chthreads.o
 .debug_aranges
                0x000002e8       0x28 build/obj/chregistry.o
 .debug_aranges
                0x00000310       0x70 build/obj/chmtx.o
 .debug_aranges
                0x00000380       0xa0 build/obj/chevents.o
 .debug_aranges
                0x00000420       0x80 build/obj/chqueues.o
 .debug_aranges
                0x000004a0       0x38 build/obj/chmemcore.o
 .debug_aranges
                0x000004d8       0x40 build/obj/chheap.o
 .debug_aranges
                0x00000518       0x20 build/obj/hal.o
 .debug_aranges
                0x00000538       0x50 build/obj/ext.o
 .debug_aranges
                0x00000588       0x48 build/obj/rtc.o
 .debug_aranges
                0x000005d0       0x88 build/obj/serial.o
 .debug_aranges
                0x00000658       0x98 build/obj/spi.o
 .debug_aranges
                0x000006f0       0x48 build/obj/stm32_dma.o
 .debug_aranges
                0x00000738       0x30 build/obj/hal_lld.o
 .debug_aranges
                0x00000768       0x50 build/obj/ext_lld_isr.o
 .debug_aranges
                0x000007b8       0x40 build/obj/ext_lld.o
 .debug_aranges
                0x000007f8       0x30 build/obj/pal_lld.o
 .debug_aranges
                0x00000828       0x48 build/obj/rtc_lld.o
 .debug_aranges
                0x00000870       0x78 build/obj/spi_lld.o
 .debug_aranges
                0x000008e8       0x60 build/obj/serial_lld.o
 .debug_aranges
                0x00000948       0x28 build/obj/board.o
 .debug_aranges
                0x00000970       0x30 build/obj/chprintf.o
 .debug_aranges
                0x000009a0       0x50 build/obj/chrtclib.o
 .debug_aranges
                0x000009f0       0x58 build/obj/main.o
 .debug_aranges
                0x00000a48       0x40 build/obj/seg77.o
 .debug_aranges
                0x00000a88       0x48 build/obj/ltc_time.o

.debug_ranges   0x00000000      0x8a0
 .debug_ranges  0x00000000       0x28 build/obj/crt0.o
 .debug_ranges  0x00000028       0x10 build/obj/vectors.o
 .debug_ranges  0x00000038       0x10 build/obj/chcore.o
 .debug_ranges  0x00000048       0x38 build/obj/chcore_v6m.o
 .debug_ranges  0x00000080       0x20 build/obj/nvic.o
 .debug_ranges  0x000000a0       0x20 build/obj/chsys.o
 .debug_ranges  0x000000c0       0x78 build/obj/chdebug.o
 .debug_ranges  0x00000138       0x28 build/obj/chvt.o
 .debug_ranges  0x00000160       0x68 build/obj/chschd.o
 .debug_ranges  0x000001c8       0x80 build/obj/chthreads.o
 .debug_ranges  0x00000248       0x18 build/obj/chregistry.o
 .debug_ranges  0x00000260       0x60 build/obj/chmtx.o
 .debug_ranges  0x000002c0       0x90 build/obj/chevents.o
 .debug_ranges  0x00000350       0x70 build/obj/chqueues.o
 .debug_ranges  0x000003c0       0x28 build/obj/chmemcore.o
 .debug_ranges  0x000003e8       0x30 build/obj/chheap.o
 .debug_ranges  0x00000418       0x10 build/obj/hal.o
 .debug_ranges  0x00000428       0x40 build/obj/ext.o
 .debug_ranges  0x00000468       0x38 build/obj/rtc.o
 .debug_ranges  0x000004a0       0x78 build/obj/serial.o
 .debug_ranges  0x00000518       0x88 build/obj/spi.o
 .debug_ranges  0x000005a0       0x38 build/obj/stm32_dma.o
 .debug_ranges  0x000005d8       0x20 build/obj/hal_lld.o
 .debug_ranges  0x000005f8       0x40 build/obj/ext_lld_isr.o
 .debug_ranges  0x00000638       0x30 build/obj/ext_lld.o
 .debug_ranges  0x00000668       0x20 build/obj/pal_lld.o
 .debug_ranges  0x00000688       0x38 build/obj/rtc_lld.o
 .debug_ranges  0x000006c0       0x68 build/obj/spi_lld.o
 .debug_ranges  0x00000728       0x50 build/obj/serial_lld.o
 .debug_ranges  0x00000778       0x18 build/obj/board.o
 .debug_ranges  0x00000790       0x20 build/obj/chprintf.o
 .debug_ranges  0x000007b0       0x40 build/obj/chrtclib.o
 .debug_ranges  0x000007f0       0x48 build/obj/main.o
 .debug_ranges  0x00000838       0x30 build/obj/seg77.o
 .debug_ranges  0x00000868       0x38 build/obj/ltc_time.o

.debug_line     0x00000000     0x56a9
 .debug_line    0x00000000      0x166 build/obj/crt0.o
 .debug_line    0x00000166       0xf3 build/obj/vectors.o
 .debug_line    0x00000259       0x60 build/obj/chcore.o
 .debug_line    0x000002b9      0x20c build/obj/chcore_v6m.o
 .debug_line    0x000004c5      0x11e build/obj/nvic.o
 .debug_line    0x000005e3      0x201 build/obj/chsys.o
 .debug_line    0x000007e4      0x2dc build/obj/chdebug.o
 .debug_line    0x00000ac0      0x1d2 build/obj/chvt.o
 .debug_line    0x00000c92      0x304 build/obj/chschd.o
 .debug_line    0x00000f96      0x3ac build/obj/chthreads.o
 .debug_line    0x00001342      0x218 build/obj/chregistry.o
 .debug_line    0x0000155a      0x317 build/obj/chmtx.o
 .debug_line    0x00001871      0x370 build/obj/chevents.o
 .debug_line    0x00001be1      0x3b7 build/obj/chqueues.o
 .debug_line    0x00001f98      0x18f build/obj/chmemcore.o
 .debug_line    0x00002127      0x2c1 build/obj/chheap.o
 .debug_line    0x000023e8      0x11d build/obj/hal.o
 .debug_line    0x00002505      0x227 build/obj/ext.o
 .debug_line    0x0000272c      0x241 build/obj/rtc.o
 .debug_line    0x0000296d      0x3c1 build/obj/serial.o
 .debug_line    0x00002d2e      0x585 build/obj/spi.o
 .debug_line    0x000032b3      0x200 build/obj/stm32_dma.o
 .debug_line    0x000034b3      0x1ae build/obj/hal_lld.o
 .debug_line    0x00003661      0x22c build/obj/ext_lld_isr.o
 .debug_line    0x0000388d      0x1c7 build/obj/ext_lld.o
 .debug_line    0x00003a54      0x186 build/obj/pal_lld.o
 .debug_line    0x00003bda      0x233 build/obj/rtc_lld.o
 .debug_line    0x00003e0d      0x3f9 build/obj/spi_lld.o
 .debug_line    0x00004206      0x34f build/obj/serial_lld.o
 .debug_line    0x00004555      0x115 build/obj/board.o
 .debug_line    0x0000466a      0x2be build/obj/chprintf.o
 .debug_line    0x00004928      0x2e4 build/obj/chrtclib.o
 .debug_line    0x00004c0c      0x4b0 build/obj/main.o
 .debug_line    0x000050bc      0x3a8 build/obj/seg77.o
 .debug_line    0x00005464      0x245 build/obj/ltc_time.o

.debug_str      0x00000000     0x26f6
 .debug_str     0x00000000      0x1fa build/obj/crt0.o
                                0x234 (size before relaxing)
 .debug_str     0x000001fa      0x14d build/obj/vectors.o
                                0x264 (size before relaxing)
 .debug_str     0x00000347       0x35 build/obj/chcore.o
                                0x137 (size before relaxing)
 .debug_str     0x0000037c      0x2b3 build/obj/chcore_v6m.o
                                0x3e5 (size before relaxing)
 .debug_str     0x0000062f       0xc3 build/obj/nvic.o
                                0x236 (size before relaxing)
 .debug_str     0x000006f2      0x1d2 build/obj/chsys.o
                                0x50d (size before relaxing)
 .debug_str     0x000008c4      0x1b1 build/obj/chdebug.o
                                0x4d7 (size before relaxing)
 .debug_str     0x00000a75       0x5d build/obj/chvt.o
                                0x1d3 (size before relaxing)
 .debug_str     0x00000ad2       0xff build/obj/chschd.o
                                0x417 (size before relaxing)
 .debug_str     0x00000bd1      0x110 build/obj/chthreads.o
                                0x44d (size before relaxing)
 .debug_str     0x00000ce1       0x4a build/obj/chregistry.o
                                0x419 (size before relaxing)
 .debug_str     0x00000d2b       0x92 build/obj/chmtx.o
                                0x385 (size before relaxing)
 .debug_str     0x00000dbd      0x1c1 build/obj/chevents.o
                                0x4a1 (size before relaxing)
 .debug_str     0x00000f7e      0x12e build/obj/chqueues.o
                                0x427 (size before relaxing)
 .debug_str     0x000010ac       0x83 build/obj/chmemcore.o
                                0x199 (size before relaxing)
 .debug_str     0x0000112f       0xc0 build/obj/chheap.o
                                0x36d (size before relaxing)
 .debug_str     0x000011ef       0x9f build/obj/hal.o
                                0x1aa (size before relaxing)
 .debug_str     0x0000128e      0x108 build/obj/ext.o
                                0x225 (size before relaxing)
 .debug_str     0x00001396      0x152 build/obj/rtc.o
                                0x26a (size before relaxing)
 .debug_str     0x000014e8      0x130 build/obj/serial.o
                                0x4db (size before relaxing)
 .debug_str     0x00001618      0x26b build/obj/spi.o
                                0x5b1 (size before relaxing)
 .debug_str     0x00001883      0x2fc build/obj/stm32_dma.o
                                0x4a0 (size before relaxing)
 .debug_str     0x00001b7f       0xb9 build/obj/hal_lld.o
                                0x225 (size before relaxing)
 .debug_str     0x00001c38       0xb8 build/obj/ext_lld_isr.o
                                0x40e (size before relaxing)
 .debug_str     0x00001cf0       0xa2 build/obj/ext_lld.o
                                0x27b (size before relaxing)
 .debug_str     0x00001d92       0x8d build/obj/pal_lld.o
                                0x2bc (size before relaxing)
 .debug_str     0x00001e1f       0xb4 build/obj/rtc_lld.o
                                0x2bb (size before relaxing)
 .debug_str     0x00001ed3      0x124 build/obj/spi_lld.o
                                0x64d (size before relaxing)
 .debug_str     0x00001ff7       0xa2 build/obj/serial_lld.o
                                0x561 (size before relaxing)
 .debug_str     0x00002099       0x1c build/obj/board.o
                                0x1ac (size before relaxing)
 .debug_str     0x000020b5       0xe0 build/obj/chprintf.o
                                0x221 (size before relaxing)
 .debug_str     0x00002195       0xe9 build/obj/chrtclib.o
                                0x2d0 (size before relaxing)
 .debug_str     0x0000227e      0x189 build/obj/main.o
                                0x975 (size before relaxing)
 .debug_str     0x00002407       0x78 build/obj/seg77.o
                                0x1e3 (size before relaxing)
 .debug_str     0x0000247f      0x277 build/obj/ltc_time.o
                                0x573 (size before relaxing)

.comment        0x00000000       0x70
 .comment       0x00000000       0x70 build/obj/crt0.o
                                 0x71 (size before relaxing)
 .comment       0x00000000       0x71 build/obj/vectors.o
 .comment       0x00000000       0x71 build/obj/chcore.o
 .comment       0x00000000       0x71 build/obj/chcore_v6m.o
 .comment       0x00000000       0x71 build/obj/nvic.o
 .comment       0x00000000       0x71 build/obj/chsys.o
 .comment       0x00000000       0x71 build/obj/chdebug.o
 .comment       0x00000000       0x71 build/obj/chvt.o
 .comment       0x00000000       0x71 build/obj/chschd.o
 .comment       0x00000000       0x71 build/obj/chthreads.o
 .comment       0x00000000       0x71 build/obj/chregistry.o
 .comment       0x00000000       0x71 build/obj/chmtx.o
 .comment       0x00000000       0x71 build/obj/chevents.o
 .comment       0x00000000       0x71 build/obj/chqueues.o
 .comment       0x00000000       0x71 build/obj/chmemcore.o
 .comment       0x00000000       0x71 build/obj/chheap.o
 .comment       0x00000000       0x71 build/obj/hal.o
 .comment       0x00000000       0x71 build/obj/ext.o
 .comment       0x00000000       0x71 build/obj/rtc.o
 .comment       0x00000000       0x71 build/obj/serial.o
 .comment       0x00000000       0x71 build/obj/spi.o
 .comment       0x00000000       0x71 build/obj/stm32_dma.o
 .comment       0x00000000       0x71 build/obj/hal_lld.o
 .comment       0x00000000       0x71 build/obj/ext_lld_isr.o
 .comment       0x00000000       0x71 build/obj/ext_lld.o
 .comment       0x00000000       0x71 build/obj/pal_lld.o
 .comment       0x00000000       0x71 build/obj/rtc_lld.o
 .comment       0x00000000       0x71 build/obj/spi_lld.o
 .comment       0x00000000       0x71 build/obj/serial_lld.o
 .comment       0x00000000       0x71 build/obj/board.o
 .comment       0x00000000       0x71 build/obj/chprintf.o
 .comment       0x00000000       0x71 build/obj/chrtclib.o
 .comment       0x00000000       0x71 build/obj/main.o
 .comment       0x00000000       0x71 build/obj/seg77.o
 .comment       0x00000000       0x71 build/obj/ltc_time.o

.ARM.attributes
                0x00000000       0x31
 .ARM.attributes
                0x00000000       0x31 build/obj/crt0.o
 .ARM.attributes
                0x00000031       0x31 build/obj/vectors.o
 .ARM.attributes
                0x00000062       0x31 build/obj/chcore.o
 .ARM.attributes
                0x00000093       0x31 build/obj/chcore_v6m.o
 .ARM.attributes
                0x000000c4       0x31 build/obj/nvic.o
 .ARM.attributes
                0x000000f5       0x31 build/obj/chsys.o
 .ARM.attributes
                0x00000126       0x31 build/obj/chdebug.o
 .ARM.attributes
                0x00000157       0x31 build/obj/chvt.o
 .ARM.attributes
                0x00000188       0x31 build/obj/chschd.o
 .ARM.attributes
                0x000001b9       0x31 build/obj/chthreads.o
 .ARM.attributes
                0x000001ea       0x31 build/obj/chregistry.o
 .ARM.attributes
                0x0000021b       0x31 build/obj/chmtx.o
 .ARM.attributes
                0x0000024c       0x31 build/obj/chevents.o
 .ARM.attributes
                0x0000027d       0x31 build/obj/chqueues.o
 .ARM.attributes
                0x000002ae       0x31 build/obj/chmemcore.o
 .ARM.attributes
                0x000002df       0x31 build/obj/chheap.o
 .ARM.attributes
                0x00000310       0x31 build/obj/hal.o
 .ARM.attributes
                0x00000341       0x31 build/obj/ext.o
 .ARM.attributes
                0x00000372       0x31 build/obj/rtc.o
 .ARM.attributes
                0x000003a3       0x31 build/obj/serial.o
 .ARM.attributes
                0x000003d4       0x31 build/obj/spi.o
 .ARM.attributes
                0x00000405       0x31 build/obj/stm32_dma.o
 .ARM.attributes
                0x00000436       0x31 build/obj/hal_lld.o
 .ARM.attributes
                0x00000467       0x31 build/obj/ext_lld_isr.o
 .ARM.attributes
                0x00000498       0x31 build/obj/ext_lld.o
 .ARM.attributes
                0x000004c9       0x31 build/obj/pal_lld.o
 .ARM.attributes
                0x000004fa       0x31 build/obj/rtc_lld.o
 .ARM.attributes
                0x0000052b       0x31 build/obj/spi_lld.o
 .ARM.attributes
                0x0000055c       0x31 build/obj/serial_lld.o
 .ARM.attributes
                0x0000058d       0x31 build/obj/board.o
 .ARM.attributes
                0x000005be       0x31 build/obj/chprintf.o
 .ARM.attributes
                0x000005ef       0x31 build/obj/chrtclib.o
 .ARM.attributes
                0x00000620       0x31 build/obj/main.o
 .ARM.attributes
                0x00000651       0x31 build/obj/seg77.o
 .ARM.attributes
                0x00000682       0x31 build/obj/ltc_time.o
 .ARM.attributes
                0x000006b3       0x1e c:/chibistudio/tools/gnu tools arm embedded/4.7 2013q1/bin/../lib/gcc/arm-none-eabi/4.7.3/armv6-m\libgcc.a(_udivsi3.o)
 .ARM.attributes
                0x000006d1       0x1e c:/chibistudio/tools/gnu tools arm embedded/4.7 2013q1/bin/../lib/gcc/arm-none-eabi/4.7.3/armv6-m\libgcc.a(_divsi3.o)
 .ARM.attributes
                0x000006ef       0x1e c:/chibistudio/tools/gnu tools arm embedded/4.7 2013q1/bin/../lib/gcc/arm-none-eabi/4.7.3/armv6-m\libgcc.a(_dvmd_tls.o)
 .ARM.attributes
                0x0000070d       0x2c c:/chibistudio/tools/gnu tools arm embedded/4.7 2013q1/bin/../lib/gcc/arm-none-eabi/4.7.3/../../../../arm-none-eabi/lib/armv6-m\libc.a(lib_a-memcpy.o)
 .ARM.attributes
                0x00000739       0x2c c:/chibistudio/tools/gnu tools arm embedded/4.7 2013q1/bin/../lib/gcc/arm-none-eabi/4.7.3/../../../../arm-none-eabi/lib/armv6-m\libc.a(lib_a-memset.o)

.debug_frame    0x00000000     0x1bbc
 .debug_frame   0x00000000       0x50 build/obj/crt0.o
 .debug_frame   0x00000050       0x20 build/obj/vectors.o
 .debug_frame   0x00000070       0x28 build/obj/chcore.o
 .debug_frame   0x00000098       0xa0 build/obj/chcore_v6m.o
 .debug_frame   0x00000138       0x70 build/obj/nvic.o
 .debug_frame   0x000001a8       0x64 build/obj/chsys.o
 .debug_frame   0x0000020c      0x18c build/obj/chdebug.o
 .debug_frame   0x00000398       0x74 build/obj/chvt.o
 .debug_frame   0x0000040c      0x144 build/obj/chschd.o
 .debug_frame   0x00000550      0x19c build/obj/chthreads.o
 .debug_frame   0x000006ec       0x48 build/obj/chregistry.o
 .debug_frame   0x00000734      0x134 build/obj/chmtx.o
 .debug_frame   0x00000868      0x1e4 build/obj/chevents.o
 .debug_frame   0x00000a4c      0x15c build/obj/chqueues.o
 .debug_frame   0x00000ba8       0x68 build/obj/chmemcore.o
 .debug_frame   0x00000c10       0x9c build/obj/chheap.o
 .debug_frame   0x00000cac       0x2c build/obj/hal.o
 .debug_frame   0x00000cd8       0xcc build/obj/ext.o
 .debug_frame   0x00000da4       0xb8 build/obj/rtc.o
 .debug_frame   0x00000e5c      0x198 build/obj/serial.o
 .debug_frame   0x00000ff4      0x1d0 build/obj/spi.o
 .debug_frame   0x000011c4       0xb8 build/obj/stm32_dma.o
 .debug_frame   0x0000127c       0x5c build/obj/hal_lld.o
 .debug_frame   0x000012d8       0xd4 build/obj/ext_lld_isr.o
 .debug_frame   0x000013ac       0x9c build/obj/ext_lld.o
 .debug_frame   0x00001448       0x5c build/obj/pal_lld.o
 .debug_frame   0x000014a4       0xb8 build/obj/rtc_lld.o
 .debug_frame   0x0000155c      0x130 build/obj/spi_lld.o
 .debug_frame   0x0000168c       0xfc build/obj/serial_lld.o
 .debug_frame   0x00001788       0x3c build/obj/board.o
 .debug_frame   0x000017c4       0x64 build/obj/chprintf.o
 .debug_frame   0x00001828       0xd8 build/obj/chrtclib.o
 .debug_frame   0x00001900       0xe4 build/obj/main.o
 .debug_frame   0x000019e4       0x9c build/obj/seg77.o
 .debug_frame   0x00001a80       0x98 build/obj/ltc_time.o
 .debug_frame   0x00001b18       0x20 c:/chibistudio/tools/gnu tools arm embedded/4.7 2013q1/bin/../lib/gcc/arm-none-eabi/4.7.3/armv6-m\libgcc.a(_udivsi3.o)
 .debug_frame   0x00001b38       0x20 c:/chibistudio/tools/gnu tools arm embedded/4.7 2013q1/bin/../lib/gcc/arm-none-eabi/4.7.3/armv6-m\libgcc.a(_divsi3.o)
 .debug_frame   0x00001b58       0x34 c:/chibistudio/tools/gnu tools arm embedded/4.7 2013q1/bin/../lib/gcc/arm-none-eabi/4.7.3/../../../../arm-none-eabi/lib/armv6-m\libc.a(lib_a-memcpy.o)
 .debug_frame   0x00001b8c       0x30 c:/chibistudio/tools/gnu tools arm embedded/4.7 2013q1/bin/../lib/gcc/arm-none-eabi/4.7.3/../../../../arm-none-eabi/lib/armv6-m\libc.a(lib_a-memset.o)

.debug_loc      0x00000000     0x2419
 .debug_loc     0x00000000       0x20 build/obj/chcore.o
 .debug_loc     0x00000020       0x98 build/obj/chcore_v6m.o
 .debug_loc     0x000000b8       0x84 build/obj/nvic.o
 .debug_loc     0x0000013c       0x84 build/obj/chsys.o
 .debug_loc     0x000001c0      0x1b8 build/obj/chdebug.o
 .debug_loc     0x00000378       0x84 build/obj/chvt.o
 .debug_loc     0x000003fc      0x1b4 build/obj/chschd.o
 .debug_loc     0x000005b0      0x264 build/obj/chthreads.o
 .debug_loc     0x00000814       0x58 build/obj/chregistry.o
 .debug_loc     0x0000086c      0x1cc build/obj/chmtx.o
 .debug_loc     0x00000a38      0x2e0 build/obj/chevents.o
 .debug_loc     0x00000d18      0x20c build/obj/chqueues.o
 .debug_loc     0x00000f24       0x58 build/obj/chmemcore.o
 .debug_loc     0x00000f7c       0xd0 build/obj/chheap.o
 .debug_loc     0x0000104c       0x20 build/obj/hal.o
 .debug_loc     0x0000106c      0x11c build/obj/ext.o
 .debug_loc     0x00001188       0xfc build/obj/rtc.o
 .debug_loc     0x00001284      0x25c build/obj/serial.o
 .debug_loc     0x000014e0      0x2b4 build/obj/spi.o
 .debug_loc     0x00001794      0x108 build/obj/stm32_dma.o
 .debug_loc     0x0000189c       0x60 build/obj/hal_lld.o
 .debug_loc     0x000018fc      0x11c build/obj/ext_lld_isr.o
 .debug_loc     0x00001a18       0xd0 build/obj/ext_lld.o
 .debug_loc     0x00001ae8       0x79 build/obj/pal_lld.o
 .debug_loc     0x00001b61      0x108 build/obj/rtc_lld.o
 .debug_loc     0x00001c69      0x1bc build/obj/spi_lld.o
 .debug_loc     0x00001e25      0x168 build/obj/serial_lld.o
 .debug_loc     0x00001f8d       0x20 build/obj/board.o
 .debug_loc     0x00001fad       0x91 build/obj/chprintf.o
 .debug_loc     0x0000203e      0x136 build/obj/chrtclib.o
 .debug_loc     0x00002174      0x149 build/obj/main.o
 .debug_loc     0x000022bd       0xc4 build/obj/seg77.o
 .debug_loc     0x00002381       0x98 build/obj/ltc_time.o

Cross Reference Table

Symbol                                            File
BusFaultVector                                    build/obj/vectors.o
DebugMonitorVector                                build/obj/vectors.o
EXTD1                                             build/obj/ext_lld.o
                                                  build/obj/main.o
                                                  build/obj/ext_lld_isr.o
HardFaultVector                                   build/obj/vectors.o
LTC_TIMER                                         build/obj/ltc_time.o
MemManageVector                                   build/obj/vectors.o
NMIVector                                         build/obj/chcore_v6m.o
                                                  build/obj/vectors.o
PendSVVector                                      build/obj/vectors.o
RTCD1                                             build/obj/rtc_lld.o
                                                  build/obj/main.o
ResetHandler                                      build/obj/crt0.o
                                                  build/obj/vectors.o
SD1                                               build/obj/serial_lld.o
                                                  build/obj/main.o
SPID1                                             build/obj/spi_lld.o
                                                  build/obj/main.o
SVCallVector                                      build/obj/vectors.o
SysTickVector                                     build/obj/chcore_v6m.o
                                                  build/obj/vectors.o
UsageFaultVector                                  build/obj/vectors.o
Vector1C                                          build/obj/vectors.o
Vector20                                          build/obj/vectors.o
Vector24                                          build/obj/vectors.o
Vector28                                          build/obj/vectors.o
Vector34                                          build/obj/vectors.o
Vector40                                          build/obj/vectors.o
Vector44                                          build/obj/ext_lld_isr.o
                                                  build/obj/vectors.o
Vector48                                          build/obj/ext_lld_isr.o
                                                  build/obj/vectors.o
Vector4C                                          build/obj/vectors.o
Vector50                                          build/obj/vectors.o
Vector54                                          build/obj/ext_lld_isr.o
                                                  build/obj/vectors.o
Vector58                                          build/obj/ext_lld_isr.o
                                                  build/obj/vectors.o
Vector5C                                          build/obj/ext_lld_isr.o
                                                  build/obj/vectors.o
Vector60                                          build/obj/vectors.o
Vector64                                          build/obj/stm32_dma.o
                                                  build/obj/vectors.o
Vector68                                          build/obj/stm32_dma.o
                                                  build/obj/vectors.o
Vector6C                                          build/obj/stm32_dma.o
                                                  build/obj/vectors.o
Vector70                                          build/obj/vectors.o
Vector74                                          build/obj/vectors.o
Vector78                                          build/obj/vectors.o
Vector7C                                          build/obj/vectors.o
Vector80                                          build/obj/vectors.o
Vector84                                          build/obj/vectors.o
Vector88                                          build/obj/vectors.o
Vector8C                                          build/obj/vectors.o
Vector90                                          build/obj/vectors.o
Vector94                                          build/obj/vectors.o
Vector98                                          build/obj/vectors.o
Vector9C                                          build/obj/vectors.o
VectorA0                                          build/obj/vectors.o
VectorA4                                          build/obj/vectors.o
VectorA8                                          build/obj/vectors.o
VectorAC                                          build/obj/serial_lld.o
                                                  build/obj/vectors.o
VectorB0                                          build/obj/vectors.o
VectorB4                                          build/obj/vectors.o
VectorB8                                          build/obj/vectors.o
VectorBC                                          build/obj/vectors.o
__aeabi_idiv                                      c:/chibistudio/tools/gnu tools arm embedded/4.7 2013q1/bin/../lib/gcc/arm-none-eabi/4.7.3/armv6-m\libgcc.a(_divsi3.o)
                                                  c:/chibistudio/tools/gnu tools arm embedded/4.7 2013q1/bin/../lib/gcc/arm-none-eabi/4.7.3/../../../../arm-none-eabi/lib/armv6-m\libc.a(lib_a-div.o)
                                                  c:/chibistudio/tools/gnu tools arm embedded/4.7 2013q1/bin/../lib/gcc/arm-none-eabi/4.7.3/../../../../arm-none-eabi/lib/armv6-m\libc.a(lib_a-mktm_r.o)
                                                  build/obj/main.o
__aeabi_idiv0                                     c:/chibistudio/tools/gnu tools arm embedded/4.7 2013q1/bin/../lib/gcc/arm-none-eabi/4.7.3/armv6-m\libgcc.a(_dvmd_tls.o)
                                                  c:/chibistudio/tools/gnu tools arm embedded/4.7 2013q1/bin/../lib/gcc/arm-none-eabi/4.7.3/armv6-m\libgcc.a(_divsi3.o)
                                                  c:/chibistudio/tools/gnu tools arm embedded/4.7 2013q1/bin/../lib/gcc/arm-none-eabi/4.7.3/armv6-m\libgcc.a(_udivsi3.o)
__aeabi_idivmod                                   c:/chibistudio/tools/gnu tools arm embedded/4.7 2013q1/bin/../lib/gcc/arm-none-eabi/4.7.3/armv6-m\libgcc.a(_divsi3.o)
                                                  c:/chibistudio/tools/gnu tools arm embedded/4.7 2013q1/bin/../lib/gcc/arm-none-eabi/4.7.3/../../../../arm-none-eabi/lib/armv6-m\libc.a(lib_a-div.o)
                                                  c:/chibistudio/tools/gnu tools arm embedded/4.7 2013q1/bin/../lib/gcc/arm-none-eabi/4.7.3/../../../../arm-none-eabi/lib/armv6-m\libc.a(lib_a-mktm_r.o)
                                                  c:/chibistudio/tools/gnu tools arm embedded/4.7 2013q1/bin/../lib/gcc/arm-none-eabi/4.7.3/../../../../arm-none-eabi/lib/armv6-m\libc.a(lib_a-mktime.o)
                                                  build/obj/main.o
__aeabi_ldiv0                                     c:/chibistudio/tools/gnu tools arm embedded/4.7 2013q1/bin/../lib/gcc/arm-none-eabi/4.7.3/armv6-m\libgcc.a(_dvmd_tls.o)
__aeabi_lmul                                      c:/chibistudio/tools/gnu tools arm embedded/4.7 2013q1/bin/../lib/gcc/arm-none-eabi/4.7.3/armv6-m\libgcc.a(_muldi3.o)
                                                  build/obj/chrtclib.o
__aeabi_uidiv                                     c:/chibistudio/tools/gnu tools arm embedded/4.7 2013q1/bin/../lib/gcc/arm-none-eabi/4.7.3/armv6-m\libgcc.a(_udivsi3.o)
                                                  build/obj/ltc_time.o
                                                  build/obj/main.o
                                                  build/obj/chrtclib.o
                                                  build/obj/chprintf.o
                                                  build/obj/serial_lld.o
                                                  build/obj/rtc_lld.o
__aeabi_uidivmod                                  c:/chibistudio/tools/gnu tools arm embedded/4.7 2013q1/bin/../lib/gcc/arm-none-eabi/4.7.3/armv6-m\libgcc.a(_udivsi3.o)
                                                  build/obj/main.o
                                                  build/obj/chrtclib.o
                                                  build/obj/chprintf.o
__divsi3                                          c:/chibistudio/tools/gnu tools arm embedded/4.7 2013q1/bin/../lib/gcc/arm-none-eabi/4.7.3/armv6-m\libgcc.a(_divsi3.o)
__early_init                                      build/obj/board.o
                                                  build/obj/crt0.o
__fini_array_end                                  build/obj/crt0.o
__fini_array_start                                build/obj/crt0.o
__gettzinfo                                       c:/chibistudio/tools/gnu tools arm embedded/4.7 2013q1/bin/../lib/gcc/arm-none-eabi/4.7.3/../../../../arm-none-eabi/lib/armv6-m\libc.a(lib_a-gettzinfo.o)
                                                  c:/chibistudio/tools/gnu tools arm embedded/4.7 2013q1/bin/../lib/gcc/arm-none-eabi/4.7.3/../../../../arm-none-eabi/lib/armv6-m\libc.a(lib_a-mktm_r.o)
                                                  c:/chibistudio/tools/gnu tools arm embedded/4.7 2013q1/bin/../lib/gcc/arm-none-eabi/4.7.3/../../../../arm-none-eabi/lib/armv6-m\libc.a(lib_a-mktime.o)
__heap_base__                                     build/obj/chmemcore.o
__heap_end__                                      build/obj/chmemcore.o
__init_array_end                                  build/obj/crt0.o
__init_array_start                                build/obj/crt0.o
__late_init                                       build/obj/crt0.o
__main_stack_base__                               build/obj/crt0.o
__main_stack_end__                                build/obj/vectors.o
                                                  build/obj/crt0.o
__main_thread_stack_base__                        build/obj/chsys.o
__muldi3                                          c:/chibistudio/tools/gnu tools arm embedded/4.7 2013q1/bin/../lib/gcc/arm-none-eabi/4.7.3/armv6-m\libgcc.a(_muldi3.o)
__process_stack_base__                            build/obj/crt0.o
__process_stack_end__                             build/obj/crt0.o
__tz_lock                                         c:/chibistudio/tools/gnu tools arm embedded/4.7 2013q1/bin/../lib/gcc/arm-none-eabi/4.7.3/../../../../arm-none-eabi/lib/armv6-m\libc.a(lib_a-tzlock.o)
                                                  c:/chibistudio/tools/gnu tools arm embedded/4.7 2013q1/bin/../lib/gcc/arm-none-eabi/4.7.3/../../../../arm-none-eabi/lib/armv6-m\libc.a(lib_a-mktm_r.o)
__tz_unlock                                       c:/chibistudio/tools/gnu tools arm embedded/4.7 2013q1/bin/../lib/gcc/arm-none-eabi/4.7.3/../../../../arm-none-eabi/lib/armv6-m\libc.a(lib_a-tzlock.o)
                                                  c:/chibistudio/tools/gnu tools arm embedded/4.7 2013q1/bin/../lib/gcc/arm-none-eabi/4.7.3/../../../../arm-none-eabi/lib/armv6-m\libc.a(lib_a-mktm_r.o)
__tzcalc_limits                                   c:/chibistudio/tools/gnu tools arm embedded/4.7 2013q1/bin/../lib/gcc/arm-none-eabi/4.7.3/../../../../arm-none-eabi/lib/armv6-m\libc.a(lib_a-mktm_r.o)
                                                  c:/chibistudio/tools/gnu tools arm embedded/4.7 2013q1/bin/../lib/gcc/arm-none-eabi/4.7.3/../../../../arm-none-eabi/lib/armv6-m\libc.a(lib_a-mktime.o)
__udivsi3                                         c:/chibistudio/tools/gnu tools arm embedded/4.7 2013q1/bin/../lib/gcc/arm-none-eabi/4.7.3/armv6-m\libgcc.a(_udivsi3.o)
_bss_end                                          build/obj/crt0.o
_bss_start                                        build/obj/crt0.o
_core_init                                        build/obj/chmemcore.o
                                                  build/obj/chsys.o
_data                                             build/obj/crt0.o
_daylight                                         c:/chibistudio/tools/gnu tools arm embedded/4.7 2013q1/bin/../lib/gcc/arm-none-eabi/4.7.3/../../../../arm-none-eabi/lib/armv6-m\libc.a(lib_a-tzvars.o)
                                                  c:/chibistudio/tools/gnu tools arm embedded/4.7 2013q1/bin/../lib/gcc/arm-none-eabi/4.7.3/../../../../arm-none-eabi/lib/armv6-m\libc.a(lib_a-mktm_r.o)
                                                  c:/chibistudio/tools/gnu tools arm embedded/4.7 2013q1/bin/../lib/gcc/arm-none-eabi/4.7.3/../../../../arm-none-eabi/lib/armv6-m\libc.a(lib_a-mktime.o)
_default_exit                                     build/obj/crt0.o
_edata                                            build/obj/crt0.o
_heap_init                                        build/obj/chheap.o
                                                  build/obj/chsys.o
_idle_thread                                      build/obj/chsys.o
_idle_thread_wa                                   build/obj/chsys.o
_mktm_r                                           c:/chibistudio/tools/gnu tools arm embedded/4.7 2013q1/bin/../lib/gcc/arm-none-eabi/4.7.3/../../../../arm-none-eabi/lib/armv6-m\libc.a(lib_a-mktm_r.o)
                                                  c:/chibistudio/tools/gnu tools arm embedded/4.7 2013q1/bin/../lib/gcc/arm-none-eabi/4.7.3/../../../../arm-none-eabi/lib/armv6-m\libc.a(lib_a-lcltime_r.o)
_pal_lld_init                                     build/obj/pal_lld.o
                                                  build/obj/hal.o
_pal_lld_setgroupmode                             build/obj/pal_lld.o
                                                  build/obj/seg77.o
                                                  build/obj/main.o
                                                  build/obj/pal.o
_port_irq_epilogue                                build/obj/chcore_v6m.o
                                                  build/obj/serial_lld.o
                                                  build/obj/ext_lld_isr.o
                                                  build/obj/stm32_dma.o
_port_switch                                      build/obj/chcore_v6m.o
                                                  build/obj/chschd.o
_port_switch_from_isr                             build/obj/chcore_v6m.o
_port_thread_start                                build/obj/chcore_v6m.o
                                                  build/obj/chthreads.o
_scheduler_init                                   build/obj/chschd.o
                                                  build/obj/chsys.o
_stm32_dma_streams                                build/obj/stm32_dma.o
                                                  build/obj/spi_lld.o
_textdata                                         build/obj/crt0.o
_thread_init                                      build/obj/chthreads.o
                                                  build/obj/chsys.o
_thread_memfill                                   build/obj/chthreads.o
                                                  build/obj/chdynamic.o
_timezone                                         c:/chibistudio/tools/gnu tools arm embedded/4.7 2013q1/bin/../lib/gcc/arm-none-eabi/4.7.3/../../../../arm-none-eabi/lib/armv6-m\libc.a(lib_a-tzvars.o)
_trace_init                                       build/obj/chdebug.o
                                                  build/obj/chsys.o
_tzname                                           c:/chibistudio/tools/gnu tools arm embedded/4.7 2013q1/bin/../lib/gcc/arm-none-eabi/4.7.3/../../../../arm-none-eabi/lib/armv6-m\libc.a(lib_a-tzvars.o)
_unhandled_exception                              build/obj/vectors.o
_vectors                                          build/obj/vectors.o
_vt_init                                          build/obj/chvt.o
                                                  build/obj/chsys.o
boardInit                                         build/obj/board.o
                                                  build/obj/hal.o
btn_1_exti_cb                                     build/obj/main.o
btn_1_pressed                                     build/obj/main.o
chCondBroadcast                                   build/obj/chcond.o
chCondBroadcastI                                  build/obj/chcond.o
chCondInit                                        build/obj/chcond.o
chCondSignal                                      build/obj/chcond.o
chCondSignalI                                     build/obj/chcond.o
chCondWait                                        build/obj/chcond.o
chCondWaitS                                       build/obj/chcond.o
chCondWaitTimeout                                 build/obj/chcond.o
chCondWaitTimeoutS                                build/obj/chcond.o
chCoreAlloc                                       build/obj/chmemcore.o
                                                  build/obj/chheap.o
chCoreAllocI                                      build/obj/chmemcore.o
chCoreStatus                                      build/obj/chmemcore.o
chDbgCheckClassI                                  build/obj/chdebug.o
                                                  build/obj/serial.o
                                                  build/obj/chmempools.o
                                                  build/obj/chmemcore.o
                                                  build/obj/chqueues.o
                                                  build/obj/chmboxes.o
                                                  build/obj/chevents.o
                                                  build/obj/chcond.o
                                                  build/obj/chsem.o
                                                  build/obj/chthreads.o
                                                  build/obj/chschd.o
                                                  build/obj/chvt.o
                                                  build/obj/chsys.o
chDbgCheckClassS                                  build/obj/chdebug.o
                                                  build/obj/chmboxes.o
                                                  build/obj/chcond.o
                                                  build/obj/chmtx.o
                                                  build/obj/chsem.o
                                                  build/obj/chschd.o
chDbgPanic                                        build/obj/chdebug.o
                                                  build/obj/spi_lld.o
                                                  build/obj/stm32_dma.o
                                                  build/obj/spi.o
                                                  build/obj/serial.o
                                                  build/obj/rtc.o
                                                  build/obj/pal.o
                                                  build/obj/ext.o
                                                  build/obj/chmempools.o
                                                  build/obj/chheap.o
                                                  build/obj/chqueues.o
                                                  build/obj/chmboxes.o
                                                  build/obj/chmsg.o
                                                  build/obj/chevents.o
                                                  build/obj/chcond.o
                                                  build/obj/chmtx.o
                                                  build/obj/chsem.o
                                                  build/obj/chregistry.o
                                                  build/obj/chdynamic.o
                                                  build/obj/chthreads.o
                                                  build/obj/chschd.o
                                                  build/obj/chvt.o
chEvtAddEvents                                    build/obj/chevents.o
chEvtBroadcastFlags                               build/obj/chevents.o
chEvtBroadcastFlagsI                              build/obj/chevents.o
                                                  build/obj/serial_lld.o
                                                  build/obj/serial.o
chEvtDispatch                                     build/obj/chevents.o
chEvtGetAndClearEvents                            build/obj/chevents.o
chEvtGetAndClearFlags                             build/obj/chevents.o
chEvtGetAndClearFlagsI                            build/obj/chevents.o
chEvtRegisterMask                                 build/obj/chevents.o
chEvtSignal                                       build/obj/chevents.o
chEvtSignalI                                      build/obj/chevents.o
chEvtUnregister                                   build/obj/chevents.o
chEvtWaitAll                                      build/obj/chevents.o
chEvtWaitAllTimeout                               build/obj/chevents.o
chEvtWaitAny                                      build/obj/chevents.o
chEvtWaitAnyTimeout                               build/obj/chevents.o
chEvtWaitOne                                      build/obj/chevents.o
chEvtWaitOneTimeout                               build/obj/chevents.o
chHeapAlloc                                       build/obj/chheap.o
                                                  build/obj/chdynamic.o
chHeapFree                                        build/obj/chheap.o
                                                  build/obj/chdynamic.o
chHeapInit                                        build/obj/chheap.o
chHeapStatus                                      build/obj/chheap.o
chIQGetTimeout                                    build/obj/chqueues.o
                                                  build/obj/serial.o
chIQInit                                          build/obj/chqueues.o
                                                  build/obj/serial.o
chIQPutI                                          build/obj/chqueues.o
                                                  build/obj/serial.o
chIQReadTimeout                                   build/obj/chqueues.o
                                                  build/obj/serial.o
chIQResetI                                        build/obj/chqueues.o
                                                  build/obj/serial.o
chMBFetch                                         build/obj/chmboxes.o
chMBFetchI                                        build/obj/chmboxes.o
chMBFetchS                                        build/obj/chmboxes.o
chMBInit                                          build/obj/chmboxes.o
chMBPost                                          build/obj/chmboxes.o
chMBPostAhead                                     build/obj/chmboxes.o
chMBPostAheadI                                    build/obj/chmboxes.o
chMBPostAheadS                                    build/obj/chmboxes.o
chMBPostI                                         build/obj/chmboxes.o
chMBPostS                                         build/obj/chmboxes.o
chMBReset                                         build/obj/chmboxes.o
chMsgRelease                                      build/obj/chmsg.o
chMsgSend                                         build/obj/chmsg.o
chMsgWait                                         build/obj/chmsg.o
chMtxInit                                         build/obj/chmtx.o
                                                  build/obj/spi.o
                                                  build/obj/chheap.o
chMtxLock                                         build/obj/chmtx.o
                                                  build/obj/spi.o
                                                  build/obj/chheap.o
chMtxLockS                                        build/obj/chmtx.o
                                                  build/obj/chcond.o
chMtxTryLock                                      build/obj/chmtx.o
chMtxTryLockS                                     build/obj/chmtx.o
chMtxUnlock                                       build/obj/chmtx.o
                                                  build/obj/spi.o
                                                  build/obj/chheap.o
chMtxUnlockAll                                    build/obj/chmtx.o
chMtxUnlockS                                      build/obj/chmtx.o
                                                  build/obj/chcond.o
chOQGetI                                          build/obj/chqueues.o
                                                  build/obj/serial_lld.o
                                                  build/obj/serial.o
chOQInit                                          build/obj/chqueues.o
                                                  build/obj/serial.o
chOQPutTimeout                                    build/obj/chqueues.o
                                                  build/obj/serial.o
chOQResetI                                        build/obj/chqueues.o
                                                  build/obj/serial.o
chOQWriteTimeout                                  build/obj/chqueues.o
                                                  build/obj/serial.o
chPoolAlloc                                       build/obj/chmempools.o
                                                  build/obj/chdynamic.o
chPoolAllocI                                      build/obj/chmempools.o
chPoolFree                                        build/obj/chmempools.o
                                                  build/obj/chdynamic.o
chPoolFreeI                                       build/obj/chmempools.o
chPoolInit                                        build/obj/chmempools.o
chPoolLoadArray                                   build/obj/chmempools.o
chRegFirstThread                                  build/obj/chregistry.o
chRegNextThread                                   build/obj/chregistry.o
chSchDoReschedule                                 build/obj/chschd.o
                                                  build/obj/chcore_v6m.o
chSchDoRescheduleAhead                            build/obj/chschd.o
chSchDoRescheduleBehind                           build/obj/chschd.o
                                                  build/obj/chthreads.o
chSchGoSleepS                                     build/obj/chschd.o
                                                  build/obj/spi.o
                                                  build/obj/chmsg.o
                                                  build/obj/chevents.o
                                                  build/obj/chcond.o
                                                  build/obj/chmtx.o
                                                  build/obj/chsem.o
                                                  build/obj/chthreads.o
chSchGoSleepTimeoutS                              build/obj/chschd.o
                                                  build/obj/main.o
                                                  build/obj/chqueues.o
                                                  build/obj/chevents.o
                                                  build/obj/chcond.o
                                                  build/obj/chsem.o
                                                  build/obj/chthreads.o
chSchReadyI                                       build/obj/chschd.o
                                                  build/obj/main.o
                                                  build/obj/spi_lld.o
                                                  build/obj/chqueues.o
                                                  build/obj/chmsg.o
                                                  build/obj/chevents.o
                                                  build/obj/chcond.o
                                                  build/obj/chmtx.o
                                                  build/obj/chsem.o
                                                  build/obj/chthreads.o
chSchRescheduleS                                  build/obj/chschd.o
                                                  build/obj/serial.o
                                                  build/obj/chmboxes.o
                                                  build/obj/chevents.o
                                                  build/obj/chcond.o
                                                  build/obj/chmtx.o
                                                  build/obj/chsem.o
                                                  build/obj/chthreads.o
chSchWakeupS                                      build/obj/chschd.o
                                                  build/obj/chmsg.o
                                                  build/obj/chcond.o
                                                  build/obj/chmtx.o
                                                  build/obj/chsem.o
                                                  build/obj/chdynamic.o
                                                  build/obj/chthreads.o
chSemAddCounterI                                  build/obj/chsem.o
chSemInit                                         build/obj/chsem.o
                                                  build/obj/chmboxes.o
chSemReset                                        build/obj/chsem.o
chSemResetI                                       build/obj/chsem.o
                                                  build/obj/chmboxes.o
chSemSignal                                       build/obj/chsem.o
chSemSignalI                                      build/obj/chsem.o
                                                  build/obj/chmboxes.o
chSemSignalWait                                   build/obj/chsem.o
chSemWait                                         build/obj/chsem.o
chSemWaitS                                        build/obj/chsem.o
chSemWaitTimeout                                  build/obj/chsem.o
chSemWaitTimeoutS                                 build/obj/chsem.o
                                                  build/obj/chmboxes.o
chSysInit                                         build/obj/chsys.o
                                                  build/obj/main.o
chSysTimerHandlerI                                build/obj/chsys.o
                                                  build/obj/chcore_v6m.o
chThdAddRef                                       build/obj/chdynamic.o
chThdCreateFromHeap                               build/obj/chdynamic.o
chThdCreateFromMemoryPool                         build/obj/chdynamic.o
chThdCreateI                                      build/obj/chthreads.o
                                                  build/obj/chdynamic.o
chThdCreateStatic                                 build/obj/chthreads.o
                                                  build/obj/main.o
                                                  build/obj/chsys.o
chThdExit                                         build/obj/chthreads.o
                                                  build/obj/chcore_v6m.o
chThdExitS                                        build/obj/chthreads.o
chThdRelease                                      build/obj/chdynamic.o
                                                  build/obj/chregistry.o
                                                  build/obj/chthreads.o
chThdResume                                       build/obj/chthreads.o
chThdSetPriority                                  build/obj/chthreads.o
chThdSleep                                        build/obj/chthreads.o
                                                  build/obj/main.o
chThdSleepUntil                                   build/obj/chthreads.o
chThdTerminate                                    build/obj/chthreads.o
chThdWait                                         build/obj/chthreads.o
chThdYield                                        build/obj/chthreads.o
chTimeIsWithin                                    build/obj/chvt.o
chVTResetI                                        build/obj/chvt.o
                                                  build/obj/main.o
                                                  build/obj/chschd.o
chVTSetI                                          build/obj/chvt.o
                                                  build/obj/main.o